
> teambotics-blog@0.1.0 dev
> astro dev --host 127.0.0.1 --port 4321

[2m00:29:46[22m [34m[types][39m Generated [2m1ms[22m
[2m00:29:46[22m [34m[content][39m Syncing content
[2m00:29:46[22m [34m[content][39m Synced content

[42m[1m astro [22m[49m [32mv5.18.1[39m [2mready in[22m 229 [2mms[22m

[2m┃[22m Local    [36mhttp://127.0.0.1:4321/[39m

[2m00:29:46[22m [32mwatching for file changes...[39m
[2m00:30:21[22m [34m[200][39m / [2m2174ms[22m
[2m00:31:58[22m [34m[200][39m / [2m135ms[22m
[2m00:32:00[22m [34m[200][39m / [2m94ms[22m
[2m00:32:03[22m [34m[200][39m / [2m75ms[22m
[2m00:33:06[22m [34m[200][39m / [2m113ms[22m
[2m00:33:08[22m [34m[200][39m / [2m98ms[22m
[2m00:33:11[22m [34m[200][39m / [2m86ms[22m
[2m00:34:06[22m [34m[200][39m / [2m108ms[22m
[2m00:34:08[22m [34m[200][39m / [2m126ms[22m
[2m00:34:11[22m [34m[200][39m / [2m78ms[22m
[2m00:34:55[22m [34m[watch][39m /src/styles/blog.css
[2m00:35:11[22m [34m[200][39m / [2m127ms[22m
[2m00:36:28[22m [34m[watch][39m /src/styles/blog.css
[2m00:36:52[22m [34m[200][39m / [2m111ms[22m
